// Jest Snapshot v1, https://goo.gl/fbAQLP

exports[`Simple Login Form 1`] = `
<section
  className="section"
>
  <form
    onReset={[Function]}
    onSubmit={[Function]}
  >
    <div
      className="field"
    >
      <label
        className="label"
      >
        Username:
      </label>
      <div
        className="control"
      >
        <input
          className="input"
          name="username"
          onBlur={[Function]}
          onChange={[Function]}
          type="text"
          value=""
        />
      </div>
    </div>
    <div
      className="field"
    >
      <label
        className="label"
      >
        Password:
      </label>
      <div
        className="control"
      >
        <input
          className="input"
          name="password"
          onBlur={[Function]}
          onChange={[Function]}
          type="password"
          value=""
        />
      </div>
    </div>
    <div
      className="field"
    >
      <div
        className="buttons"
      >
        <div
          className="control"
        >
          <button
            className="button is-info"
            disabled={false}
            type="submit"
          >
            Submit
          </button>
        </div>
        <div
          className="control"
        >
          <button
            className="button is-danger"
            disabled={true}
            onClick={[Function]}
            type="reset"
          >
            Reset
          </button>
        </div>
      </div>
    </div>
    <pre>
      {
  "username": "",
  "password": ""
}
    </pre>
  </form>
</section>
`;
