// Jest Snapshot v1, https://goo.gl/fbAQLP

exports[`Menu Example 1`] = `
<section
  className="section"
>
  <div
    className="box"
  >
    <aside
      className="menu"
    >
      <ul>
        <p
          className="menu-label"
        >
          General
        </p>
        <ul
          className="menu-list"
        >
          <li>
            <a
              aria-current={null}
              className=""
              href="#/"
              onClick={[Function]}
            >
              <a
                href="#!"
              >
                Dashboard
              </a>
            </a>
          </li>
          <li>
            <a
              aria-current={null}
              className=""
              href="#/"
              onClick={[Function]}
            >
              <a
                href="#!"
              >
                Customers
              </a>
            </a>
          </li>
        </ul>
        <p
          className="menu-label"
        >
          Administration
        </p>
        <ul
          className="menu-list"
        >
          <li>
            <a
              aria-current={null}
              className=""
              href="#/"
              onClick={[Function]}
            >
              <a
                href="#!"
              >
                TeamSettings
              </a>
            </a>
          </li>
          <li>
            <a
              aria-current={null}
              className=""
              href="#/"
              onClick={[Function]}
            >
              <a
                className="is-active"
                href="#!"
              >
                 
                Manage your team
              </a>
              <ul
                className="menu-list"
              >
                <li>
                  <a
                    aria-current={null}
                    className=""
                    href="#/"
                    onClick={[Function]}
                  >
                    <a
                      href="#!"
                    >
                      Members
                    </a>
                  </a>
                </li>
                <li>
                  <a
                    aria-current={null}
                    className=""
                    href="#/"
                    onClick={[Function]}
                  >
                    <a
                      href="#!"
                    >
                      Plugins
                    </a>
                  </a>
                </li>
                <li>
                  <a
                    aria-current={null}
                    className=""
                    href="#/"
                    onClick={[Function]}
                  >
                    <a
                      href="#!"
                    >
                      Add a member
                    </a>
                  </a>
                </li>
              </ul>
            </a>
          </li>
          <li>
            <a
              aria-current={null}
              className=""
              href="#/"
              onClick={[Function]}
            >
              <a
                href="#!"
              >
                invitations
              </a>
            </a>
          </li>
          <li>
            <a
              aria-current={null}
              className=""
              href="#/"
              onClick={[Function]}
            >
              <a
                href="#!"
              >
                cloudstorage
              </a>
            </a>
          </li>
          <li>
            <a
              aria-current={null}
              className=""
              href="#/"
              onClick={[Function]}
            >
              <a
                href="#!"
              >
                invitations
              </a>
            </a>
          </li>
          <p
            className="menu-label"
          >
            Transactions
          </p>
        </ul>
        <ul
          className="menu-list"
        >
          <li>
            <a
              aria-current={null}
              className=""
              href="#/"
              onClick={[Function]}
            >
              <a
                href="#!"
              >
                payments
              </a>
            </a>
          </li>
          <li>
            <a
              aria-current={null}
              className=""
              href="#/"
              onClick={[Function]}
            >
              <a
                href="#!"
              >
                transfers
              </a>
            </a>
          </li>
          <li>
            <a
              aria-current={null}
              className=""
              href="#/"
              onClick={[Function]}
            >
              <a
                href="#!"
              >
                balance
              </a>
            </a>
          </li>
        </ul>
      </ul>
    </aside>
  </div>
</section>
`;
