// Jest Snapshot v1, https://goo.gl/fbAQLP

exports[`Counter 1`] = `
<div
  className="columns"
>
  <div
    className="column is-narrow"
  >
    <div
      className="box has-text-centered"
    >
      <button
        className="button is-info is-medium"
        onClick={[Function]}
        type="button"
      >
        <svg
          fill="currentColor"
          height="1em"
          stroke="currentColor"
          strokeWidth="0"
          style={
            Object {
              "color": undefined,
            }
          }
          viewBox="0 0 448 512"
          width="1em"
          xmlns="http://www.w3.org/2000/svg"
        >
          <path
            d="M416 208H272V64c0-17.67-14.33-32-32-32h-32c-17.67 0-32 14.33-32 32v144H32c-17.67 0-32 14.33-32 32v32c0 17.67 14.33 32 32 32h144v144c0 17.67 14.33 32 32 32h32c17.67 0 32-14.33 32-32V304h144c17.67 0 32-14.33 32-32v-32c0-17.67-14.33-32-32-32z"
          />
        </svg>
      </button>
      <h1
        className="is-size-2"
      >
        0
      </h1>
      <button
        className="button is-success is-medium"
        onClick={[Function]}
        type="button"
      >
        <svg
          fill="currentColor"
          height="1em"
          stroke="currentColor"
          strokeWidth="0"
          style={
            Object {
              "color": undefined,
            }
          }
          viewBox="0 0 448 512"
          width="1em"
          xmlns="http://www.w3.org/2000/svg"
        >
          <path
            d="M416 208H32c-17.67 0-32 14.33-32 32v32c0 17.67 14.33 32 32 32h384c17.67 0 32-14.33 32-32v-32c0-17.67-14.33-32-32-32z"
          />
        </svg>
      </button>
    </div>
  </div>
  <div
    className="column has-text-centered"
  >
    <button
      className="button is-danger is-medium"
      onClick={[Function]}
      type="button"
    >
      Reset
    </button>
  </div>
</div>
`;
