// Jest Snapshot v1, https://goo.gl/fbAQLP

exports[`Menu Example 1`] = `
<section
  className="section"
>
  <div
    className="box"
  >
    <aside
      className="menu"
    >
      <p
        className="menu-label"
      >
        General
      </p>
      <ul
        className="menu-list"
      >
        <li
          className=""
        >
          <a>
            Dashboard
          </a>
        </li>
        <li
          className=""
        >
          <a>
            Customers
          </a>
        </li>
      </ul>
      <p
        className="menu-label"
      >
        Administration
      </p>
      <ul
        className="menu-list"
      >
        <li
          className=""
        >
          <a>
            TeamSettings
          </a>
        </li>
        <li
          className=""
        >
          <a
            className="is-active"
          >
             Manage your team
          </a>
          <ul
            className="menu-list"
          >
            <li
              className=""
            >
              <a>
                Members
              </a>
            </li>
            <li
              className=""
            >
              <a>
                Plugins
              </a>
            </li>
            <li
              className=""
            >
              <a>
                Add a member
              </a>
            </li>
          </ul>
        </li>
        <li
          className=""
        >
          <a>
            invitations
          </a>
        </li>
        <li
          className=""
        >
          <a>
            cloudstorage
          </a>
        </li>
        <li
          className=""
        >
          <a>
            invitations
          </a>
        </li>
        <p
          className="menu-label"
        >
          Transactions
        </p>
      </ul>
      <ul
        className="menu-list"
      >
        <li
          className=""
        >
          <a>
            payments
          </a>
        </li>
        <li
          className=""
        >
          <a>
            transfers
          </a>
        </li>
        <li
          className=""
        >
          <a>
            balance
          </a>
        </li>
      </ul>
    </aside>
  </div>
</section>
`;
