// Jest Snapshot v1, https://goo.gl/fbAQLP

exports[`Simple Form Example 1`] = `
<section
  className="section"
>
  <form
    onReset={[Function]}
    onSubmit={[Function]}
  >
    <div
      className="field"
    >
      <label
        className="label"
      >
        Username
      </label>
      <div
        className="control"
      >
        <input
          className="input"
          name="username"
          onBlur={[Function]}
          onChange={[Function]}
          type="text"
          value=""
        />
      </div>
    </div>
    <div
      className="field"
    >
      <label
        className="label"
      >
        Password
      </label>
      <div
        className="control"
      >
        <input
          className="input"
          name="password"
          onBlur={[Function]}
          onChange={[Function]}
          type="password"
          value=""
        />
      </div>
    </div>
    <div
      className="field"
    >
      <label
        className="label"
      >
        Email
      </label>
      <div
        className="control"
      >
        <input
          className="input"
          name="email"
          onBlur={[Function]}
          onChange={[Function]}
          type="email"
          value=""
        />
      </div>
    </div>
    <div
      className="field"
    >
      <label
        className="label"
      >
        Telephone
      </label>
      <div
        className="control"
      >
        <input
          className="input"
          name="tel"
          onBlur={[Function]}
          onChange={[Function]}
          type="tel"
          value={0}
        />
      </div>
    </div>
    <div
      className="field"
    >
      <label
        className="label"
      >
        Date of birth
      </label>
      <div
        className="control"
      >
        <div
          className="react-datepicker-wrapper"
        >
          <div
            className="react-datepicker__input-container"
          >
            <input
              className="undefined input"
              disabled={false}
              name="dateOfBirth"
              onBlur={[Function]}
              onChange={[Function]}
              onClick={[Function]}
              onFocus={[Function]}
              onKeyDown={[Function]}
              readOnly={false}
              type="text"
              value=""
            />
          </div>
        </div>
      </div>
    </div>
    <div
      className="field"
    >
      <label
        className="label"
      >
         Remember Me
      </label>
      <div
        className="control"
      >
        <label
          className="checkbox"
        >
          <input
            checked={false}
            className="checkbox"
            name="remember"
            onBlur={[Function]}
            onChange={[Function]}
            type="checkbox"
            value={false}
          />
        </label>
      </div>
    </div>
    <div
      className="field"
    >
      <label
        className="label"
      >
        Gender
      </label>
      <div
        className="control"
      >
        <label
          className="radio"
        >
          <input
            checked={false}
            name="gender"
            onBlur={[Function]}
            onChange={[Function]}
            type="radio"
            value="female"
          />
           Female
        </label>
        <label
          className="radio"
        >
          <input
            checked={true}
            name="gender"
            onBlur={[Function]}
            onChange={[Function]}
            type="radio"
            value="male"
          />
           Male
        </label>
      </div>
    </div>
    <div
      className="field"
    >
      <label
        className="label"
      >
        Position
      </label>
      <div
        className="control"
      >
        <div
          className="select"
        >
          <select
            className=""
            name="position"
            onBlur={[Function]}
            onChange={[Function]}
          >
            <option
              value="associate"
            >
              associate
            </option>
            <option
              value="assistant"
            >
              assistant
            </option>
          </select>
        </div>
      </div>
    </div>
    <div
      className="field"
    >
      <label
        className="label"
      >
        Age
      </label>
      <div
        className="control"
      >
        <input
          className="input"
          name="age"
          onBlur={[Function]}
          onChange={[Function]}
          type="number"
          value={0}
        />
      </div>
    </div>
    <div
      className="field"
    >
      <label
        className="label"
      >
        TextArea
      </label>
      <div
        className="control"
      >
        <textarea
          className="textarea"
          name="message"
          onBlur={[Function]}
          onChange={[Function]}
          value=""
        />
      </div>
    </div>
    <div
      className="buttons"
    >
      <div
        className="field"
      >
        <div
          className="control"
        >
          <button
            className="button is-info"
            disabled={false}
            type="submit"
          >
            Submit
          </button>
        </div>
        <div
          className="control"
        >
          <button
            className="button is-danger"
            disabled={true}
            onClick={[Function]}
            type="reset"
          >
            Reset
          </button>
        </div>
      </div>
    </div>
    <pre>
      {
  "username": "",
  "password": "",
  "email": "",
  "tel": 0,
  "remember": false,
  "gender": "male",
  "select": "assistant",
  "message": "",
  "age": 0
}
    </pre>
  </form>
</section>
`;
