// Jest Snapshot v1, https://goo.gl/fbAQLP

exports[`Post Form 1`] = `
<section
  className="section"
>
  <h1
    className="title"
  >
    Post Form
  </h1>
  <form
    onReset={[Function]}
    onSubmit={[Function]}
  >
    <div
      className="field"
    >
      <label
        className="label"
      >
        Title
      </label>
      <div
        className="control"
      >
        <input
          className="input"
          name="title"
          onBlur={[Function]}
          onChange={[Function]}
          type="text"
          value=""
        />
      </div>
    </div>
    <div
      className="field"
    >
      <label
        className="label"
      >
        Body
      </label>
      <div
        className="control"
      >
        <textarea
          className="textarea"
          name="body"
          onBlur={[Function]}
          onChange={[Function]}
          value=""
        />
      </div>
    </div>
    <div
      className="field is-grouped is-grouped-centered"
    >
      <div
        className="control"
      >
        <button
          className="button is-info"
          disabled={false}
          type="submit"
        >
          Submit
        </button>
      </div>
      <div
        className="control"
      >
        <button
          className="button is-danger"
          disabled={true}
          onClick={[Function]}
          type="reset"
        >
          Reset
        </button>
      </div>
    </div>
    <pre>
      {
  "title": "",
  "body": ""
}
    </pre>
  </form>
</section>
`;
